A51 MACRO ASSEMBLER  TEST                                                                 06/14/2020 22:31:54 PAGE     1


MACRO ASSEMBLER A51 V8.2.7.0
OBJECT MODULE PLACED IN .\Objects\test.obj
ASSEMBLER INVOKED BY: D:\portable\keil\C51\BIN\A51.EXE test.asm SET(SMALL) DEBUG PRINT(.\Listings\test.lst) OBJECT(.\Obj
                      ects\test.obj) EP

LOC  OBJ            LINE     SOURCE

0000                   1             ORG 0000H
0000 2100              2             AJMP START
0003                   3             ORG 0003H;      INT0中断
0003 020300            4             LJMP KEY_INT
0100                   5             ORG 0100H
0100 7580FF            6     START:  MOV P0, #0FFH
0103 75A000            7             MOV P2, #00H
0106 7590FF            8             MOV P1, #0FFH
0109 758160            9                     MOV SP, #60H
010C C288             10             CLR IT0;   INT0低电平
010E 75B801           11             MOV IP, #01H;   INT0高优先级
0111 D2AF             12             SETB EA;        总中断允许
0113 D2A8             13             SETB EX0;       INT0中断允许
0115 7901             14             MOV R1, #01H;   当前打分位数
0117 7805             15             MOV R0, #05H;    完全打完分数之后的数字等数量
0119 7C00             16             MOV R4, #00H
                      17     
                      18     
                      19     
                      20             ; AJMP $
011B B908FD           21     LOOP:   CJNE R1, #08H, LOOP
011E 75A000           22     LOOP1:  MOV P2, #00H
0121 7580FF           23             MOV P0, #0FFH
0124 7408             24             MOV A, #08H
0126 F5A0             25             MOV P2, A
0128 EC               26             MOV A, R4
                      27     
0129 75F00A           28             MOV B, #0AH
012C 84               29             DIV AB
012D 9003E4           30             MOV DPTR, #TAB
0130 93               31             MOVC A, @A+DPTR
0131 F580             32             MOV P0, A
0133 7D0A             33     DELAY:  MOV R5, #10
0135 7E01             34     DEL0:   MOV R6, #1
0137 7F14             35     DEL1:   MOV R7, #20
0139 DFFE             36     DEL2:   DJNZ R7, DEL2
013B DEFA             37             DJNZ R6, DEL1
013D DDF6             38             DJNZ R5, DEL0
013F 7410             39             MOV A, #10H
0141 F5A0             40             MOV P2, A
0143 E5F0             41             MOV A, B
0145 9003E4           42             MOV DPTR, #TAB
0148 93               43             MOVC A, @A+DPTR
0149 F580             44             MOV P0, A
014B 7D0A             45     DELAY1:  MOV R5, #10
014D 7E01             46     DEL10:   MOV R6, #1
014F 7F14             47     DEL11:   MOV R7, #20
0151 DFFE             48     DEL12:   DJNZ R7, DEL12
0153 DEFA             49             DJNZ R6, DEL11
0155 DDF6             50             DJNZ R5, DEL10
0157 211E             51             AJMP LOOP1
                      52     
0300                  53             ORG 0300H
0300 E590             54     KEY_INT:MOV A, P1
0302 F4               55             CPL A
0303 6023             56             JZ RETURN;  A中内容为0，无键闭合，返回
0305 1203DB           57             LCALL D10ms;    软件去抖
A51 MACRO ASSEMBLER  TEST                                                                 06/14/2020 22:31:54 PAGE     2

0308 E590             58             MOV A, P1
030A F4               59             CPL A
030B 601B             60             JZ RETURN
030D 20E022           61             JB ACC.0, Pkey0
0310 20E134           62             JB ACC.1, Pkey1
0313 20E246           63             JB ACC.2, Pkey2
0316 20E358           64             JB ACC.3, Pkey3
0319 20E46A           65             JB ACC.4, Pkey4
031C 20E50A           66             JB ACC.5, Pk5
031F 20E60A           67             JB ACC.6, Pk6
0322 20E70A           68             JB ACC.7, Pk7
0325 020328           69             LJMP RETURN
0328 32               70     RETURN: RETI
0329 02039B           71     Pk5:    LJMP Pkey5
032C 0203B1           72     Pk6:    LJMP Pkey6
032F 0203C6           73     Pk7:    LJMP Pkey7
0332 E9               74     Pkey0:  MOV A, R1
0333 F5A0             75             MOV P2, A
0335 9003E4           76             MOV DPTR, #TAB
0338 7401             77             MOV A, #01H
033A 2C               78             ADD A, R4
033B FC               79             MOV R4, A
033C 7401             80             MOV A, #01H
033E 93               81             MOVC A, @A+DPTR
033F F580             82             MOV P0, A
0341 E9               83             MOV A, R1
0342 23               84             RL A
0343 F9               85             MOV R1, A
0344 020328           86             LJMP RETURN
0347 E9               87     Pkey1:  MOV A, R1
0348 F5A0             88             MOV P2, A
034A 9003E4           89             MOV DPTR, #TAB
034D 7402             90             MOV A, #02H
034F 2C               91             ADD A, R4
0350 FC               92             MOV R4, A
0351 7402             93             MOV A, #02H
0353 93               94             MOVC A, @A+DPTR
0354 F580             95             MOV P0, A
0356 E9               96             MOV A, R1
0357 23               97             RL A
0358 F9               98             MOV R1, A
0359 020328           99             LJMP RETURN
035C E9              100     Pkey2:  MOV A, R1
035D F5A0            101             MOV P2, A
035F 9003E4          102             MOV DPTR, #TAB
0362 7403            103             MOV A, #03H
0364 2C              104             ADD A, R4
0365 FC              105             MOV R4, A
0366 7403            106             MOV A, #03H
0368 93              107             MOVC A, @A+DPTR
0369 F580            108             MOV P0, A
036B E9              109             MOV A, R1
036C 23              110             RL A
036D F9              111             MOV R1, A
036E 020328          112             LJMP RETURN
0371 E9              113     Pkey3:  MOV A, R1
0372 F5A0            114             MOV P2, A
0374 9003E4          115             MOV DPTR, #TAB
0377 7404            116             MOV A, #04H
0379 2C              117             ADD A, R4
037A FC              118             MOV R4, A
037B 7404            119             MOV A, #04H
037D 93              120             MOVC A, @A+DPTR
037E F580            121             MOV P0, A
0380 E9              122             MOV A, R1
0381 23              123             RL A
A51 MACRO ASSEMBLER  TEST                                                                 06/14/2020 22:31:54 PAGE     3

0382 F9              124             MOV R1, A
0383 020328          125             LJMP RETURN
0386 E9              126     Pkey4:  MOV A, R1
0387 F5A0            127             MOV P2, A
0389 9003E4          128             MOV DPTR, #TAB
038C 7405            129             MOV A, #05H
038E 2C              130             ADD A, R4
038F FC              131             MOV R4, A
0390 7405            132             MOV A, #05H
0392 93              133             MOVC A, @A+DPTR
0393 F580            134             MOV P0, A
0395 E9              135             MOV A, R1
0396 23              136             RL A
0397 F9              137             MOV R1, A
0398 020328          138             LJMP RETURN
039B E9              139     Pkey5:  MOV A, R1
039C F9              140             MOV R1, A
039D F5A0            141             MOV P2, A
039F 9003E4          142             MOV DPTR, #TAB
03A2 7406            143             MOV A, #06H
03A4 2C              144             ADD A, R4
03A5 FC              145             MOV R4, A
03A6 7406            146             MOV A, #06H
03A8 93              147             MOVC A, @A+DPTR
03A9 F580            148             MOV P0, A
03AB E9              149             MOV A, R1
03AC 23              150             RL A
03AD F9              151             MOV R1, A
03AE 020328          152             LJMP RETURN
03B1 E9              153     Pkey6:  MOV A, R1
03B2 F5A0            154             MOV P2, A
03B4 9003E4          155             MOV DPTR, #TAB
03B7 7407            156             MOV A, #07H
03B9 2C              157             ADD A, R4
03BA FC              158             MOV R4, A
03BB 7407            159             MOV A, #07H
03BD 93              160             MOVC A, @A+DPTR
03BE F580            161             MOV P0, A
03C0 E9              162             MOV A, R1
03C1 23              163             RL A
03C2 F9              164             MOV R1, A
03C3 020328          165             LJMP RETURN
03C6 E9              166     Pkey7:  MOV A, R1
03C7 F5A0            167             MOV P2, A
03C9 9003E4          168             MOV DPTR, #TAB
03CC 7408            169             MOV A, #08H
03CE 2C              170             ADD A, R4
03CF FC              171             MOV R4, A
03D0 7408            172             MOV A, #08H
03D2 93              173             MOVC A, @A+DPTR
03D3 F580            174             MOV P0, A
03D5 E9              175             MOV A, R1
03D6 23              176             RL A
03D7 F9              177             MOV R1, A
03D8 020328          178             LJMP RETURN
                     179     
                     180     
                     181     
03DB 7FFA            182     D10ms:  MOV R7, #250
03DD 7EFA            183     D1:     MOV R6, #250
03DF DEFE            184             DJNZ R6, $
03E1 DFFA            185             DJNZ R7, D1
03E3 22              186             RET
                     187     
03E4 C0F9A4B0        188     TAB:    DB 0C0H, 0F9H, 0A4H, 0B0H, 99H, 92H, 82H, 0F8H, 80H, 90H
03E8 999282F8                
A51 MACRO ASSEMBLER  TEST                                                                 06/14/2020 22:31:54 PAGE     4

03EC 8090                    
                     189             END
A51 MACRO ASSEMBLER  TEST                                                                 06/14/2020 22:31:54 PAGE     5

SYMBOL TABLE LISTING
------ ----- -------


N A M E             T Y P E  V A L U E   ATTRIBUTES

ACC. . . . . . . .  D ADDR   00E0H   A   
B. . . . . . . . .  D ADDR   00F0H   A   
D1 . . . . . . . .  C ADDR   03DDH   A   
D10MS. . . . . . .  C ADDR   03DBH   A   
DEL0 . . . . . . .  C ADDR   0135H   A   
DEL1 . . . . . . .  C ADDR   0137H   A   
DEL10. . . . . . .  C ADDR   014DH   A   
DEL11. . . . . . .  C ADDR   014FH   A   
DEL12. . . . . . .  C ADDR   0151H   A   
DEL2 . . . . . . .  C ADDR   0139H   A   
DELAY. . . . . . .  C ADDR   0133H   A   
DELAY1 . . . . . .  C ADDR   014BH   A   
EA . . . . . . . .  B ADDR   00A8H.7 A   
EX0. . . . . . . .  B ADDR   00A8H.0 A   
IP . . . . . . . .  D ADDR   00B8H   A   
IT0. . . . . . . .  B ADDR   0088H.0 A   
KEY_INT. . . . . .  C ADDR   0300H   A   
LOOP . . . . . . .  C ADDR   011BH   A   
LOOP1. . . . . . .  C ADDR   011EH   A   
P0 . . . . . . . .  D ADDR   0080H   A   
P1 . . . . . . . .  D ADDR   0090H   A   
P2 . . . . . . . .  D ADDR   00A0H   A   
PK5. . . . . . . .  C ADDR   0329H   A   
PK6. . . . . . . .  C ADDR   032CH   A   
PK7. . . . . . . .  C ADDR   032FH   A   
PKEY0. . . . . . .  C ADDR   0332H   A   
PKEY1. . . . . . .  C ADDR   0347H   A   
PKEY2. . . . . . .  C ADDR   035CH   A   
PKEY3. . . . . . .  C ADDR   0371H   A   
PKEY4. . . . . . .  C ADDR   0386H   A   
PKEY5. . . . . . .  C ADDR   039BH   A   
PKEY6. . . . . . .  C ADDR   03B1H   A   
PKEY7. . . . . . .  C ADDR   03C6H   A   
RETURN . . . . . .  C ADDR   0328H   A   
SP . . . . . . . .  D ADDR   0081H   A   
START. . . . . . .  C ADDR   0100H   A   
TAB. . . . . . . .  C ADDR   03E4H   A   


REGISTER BANK(S) USED: 0 


ASSEMBLY COMPLETE.  0 WARNING(S), 0 ERROR(S)
